This is pdfTeX, Version 3.141592653-2.6-1.40.22 (TeX Live 2022/dev/Debian) (preloaded format=pdflatex 2026.8.14)  27 SEP 2026 11:17
entering extended mode
 restricted \write18 enabled.
 %&-line parsing enabled.
**main.tex
(./main.tex
LaTeX2e <2021-11-15> patch level 1
L3 programming layer <2022-01-21>
(/usr/share/texlive/texmf-dist/tex/latex/base/article.cls
Document Class: article 2021/10/04 v1.4n Standard LaTeX document class
(/usr/share/texlive/texmf-dist/tex/latex/base/size11.clo
File: size11.clo 2021/10/04 v1.4n Standard LaTeX file (size option)
)
\c@part=\count185
\c@section=\count186
\c@subsection=\count187
\c@subsubsection=\count188
\c@paragraph=\count189
\c@subparagraph=\count190
\c@figure=\count191
\c@table=\count192
\abovecaptionskip=\skip47
\belowcaptionskip=\skip48
\bibindent=\dimen138
)
(/usr/share/texlive/texmf-dist/tex/latex/base/fontenc.sty
Package: fontenc 2021/04/29 v2.0v Standard LaTeX package
)
(/usr/share/texlive/texmf-dist/tex/latex/psnfss/mathptmx.sty
Package: mathptmx 2020/03/25 PSNFSS-v9.3 Times w/ Math, improved (SPQR, WaS) 
LaTeX Font Info:    Redeclaring symbol font `operators' on input line 28.
LaTeX Font Info:    Overwriting symbol font `operators' in version `normal'
(Font)                  OT1/cmr/m/n --> OT1/ztmcm/m/n on input line 28.
LaTeX Font Info:    Overwriting symbol font `operators' in version `bold'
(Font)                  OT1/cmr/bx/n --> OT1/ztmcm/m/n on input line 28.
LaTeX Font Info:    Redeclaring symbol font `letters' on input line 29.
LaTeX Font Info:    Overwriting symbol font `letters' in version `normal'
(Font)                  OML/cmm/m/it --> OML/ztmcm/m/it on input line 29.
LaTeX Font Info:    Overwriting symbol font `letters' in version `bold'
(Font)                  OML/cmm/b/it --> OML/ztmcm/m/it on input line 29.
LaTeX Font Info:    Redeclaring symbol font `symbols' on input line 30.
LaTeX Font Info:    Overwriting symbol font `symbols' in version `normal'
(Font)                  OMS/cmsy/m/n --> OMS/ztmcm/m/n on input line 30.
LaTeX Font Info:    Overwriting symbol font `symbols' in version `bold'
(Font)                  OMS/cmsy/b/n --> OMS/ztmcm/m/n on input line 30.
LaTeX Font Info:    Redeclaring symbol font `largesymbols' on input line 31.
LaTeX Font Info:    Overwriting symbol font `largesymbols' in version `normal'
(Font)                  OMX/cmex/m/n --> OMX/ztmcm/m/n on input line 31.
LaTeX Font Info:    Overwriting symbol font `largesymbols' in version `bold'
(Font)                  OMX/cmex/m/n --> OMX/ztmcm/m/n on input line 31.
\symbold=\mathgroup4
\symitalic=\mathgroup5
LaTeX Font Info:    Redeclaring math alphabet \mathbf on input line 34.
LaTeX Font Info:    Overwriting math alphabet `\mathbf' in version `normal'
(Font)                  OT1/cmr/bx/n --> OT1/ptm/bx/n on input line 34.
LaTeX Font Info:    Overwriting math alphabet `\mathbf' in version `bold'
(Font)                  OT1/cmr/bx/n --> OT1/ptm/bx/n on input line 34.
LaTeX Font Info:    Redeclaring math alphabet \mathit on input line 35.
LaTeX Font Info:    Overwriting math alphabet `\mathit' in version `normal'
(Font)                  OT1/cmr/m/it --> OT1/ptm/m/it on input line 35.
LaTeX Font Info:    Overwriting math alphabet `\mathit' in version `bold'
(Font)                  OT1/cmr/bx/it --> OT1/ptm/m/it on input line 35.
LaTeX Info: Redefining \hbar on input line 50.
)
(/usr/share/texlive/texmf-dist/tex/latex/geometry/geometry.sty
Package: geometry 2020/01/02 v5.9 Page Geometry

(/usr/share/texlive/texmf-dist/tex/latex/graphics/keyval.sty
Package: keyval 2014/10/28 v1.15 key=value parser (DPC)
\KV@toks@=\toks16
)
(/usr/share/texlive/texmf-dist/tex/generic/iftex/ifvtex.sty
Package: ifvtex 2019/10/25 v1.7 ifvtex legacy package. Use iftex instead.

(/usr/share/texlive/texmf-dist/tex/generic/iftex/iftex.sty
Package: iftex 2020/03/06 v1.0d TeX engine tests
))
\Gm@cnth=\count193
\Gm@cntv=\count194
\c@Gm@tempcnt=\count195
\Gm@bindingoffset=\dimen139
\Gm@wd@mp=\dimen140
\Gm@odd@mp=\dimen141
\Gm@even@mp=\dimen142
\Gm@layoutwidth=\dimen143
\Gm@layoutheight=\dimen144
\Gm@layouthoffset=\dimen145
\Gm@layoutvoffset=\dimen146
\Gm@dimlist=\toks17
)
(/usr/share/texlive/texmf-dist/tex/latex/graphics/graphicx.sty
Package: graphicx 2021/09/16 v1.2d Enhanced LaTeX Graphics (DPC,SPQR)

(/usr/share/texlive/texmf-dist/tex/latex/graphics/graphics.sty
Package: graphics 2021/03/04 v1.4d Standard LaTeX Graphics (DPC,SPQR)

(/usr/share/texlive/texmf-dist/tex/latex/graphics/trig.sty
Package: trig 2021/08/11 v1.11 sin cos tan (DPC)
)
(/usr/share/texlive/texmf-dist/tex/latex/graphics-cfg/graphics.cfg
File: graphics.cfg 2016/06/04 v1.11 sample graphics configuration
)
Package graphics Info: Driver file: pdftex.def on input line 107.

(/usr/share/texlive/texmf-dist/tex/latex/graphics-def/pdftex.def
File: pdftex.def 2020/10/05 v1.2a Graphics/color driver for pdftex
))
\Gin@req@height=\dimen147
\Gin@req@width=\dimen148
)
(/usr/share/texlive/texmf-dist/tex/latex/amsmath/amsmath.sty
Package: amsmath 2021/10/15 v2.17l AMS math features
\@mathmargin=\skip49

For additional information on amsmath, use the `?' option.
(/usr/share/texlive/texmf-dist/tex/latex/amsmath/amstext.sty
Package: amstext 2021/08/26 v2.01 AMS text

(/usr/share/texlive/texmf-dist/tex/latex/amsmath/amsgen.sty
File: amsgen.sty 1999/11/30 v2.0 generic functions
\@emptytoks=\toks18
\ex@=\dimen149
))
(/usr/share/texlive/texmf-dist/tex/latex/amsmath/amsbsy.sty
Package: amsbsy 1999/11/29 v1.2d Bold Symbols
\pmbraise@=\dimen150
)
(/usr/share/texlive/texmf-dist/tex/latex/amsmath/amsopn.sty
Package: amsopn 2021/08/26 v2.02 operator names
)
\inf@bad=\count196
LaTeX Info: Redefining \frac on input line 234.
\uproot@=\count197
\leftroot@=\count198
LaTeX Info: Redefining \overline on input line 399.
\classnum@=\count199
\DOTSCASE@=\count266
LaTeX Info: Redefining \ldots on input line 496.
LaTeX Info: Redefining \dots on input line 499.
LaTeX Info: Redefining \cdots on input line 620.
\Mathstrutbox@=\box50
\strutbox@=\box51
\big@size=\dimen151
LaTeX Font Info:    Redeclaring font encoding OML on input line 743.
LaTeX Font Info:    Redeclaring font encoding OMS on input line 744.
\macc@depth=\count267
\c@MaxMatrixCols=\count268
\dotsspace@=\muskip16
\c@parentequation=\count269
\dspbrk@lvl=\count270
\tag@help=\toks19
\row@=\count271
\column@=\count272
\maxfields@=\count273
\andhelp@=\toks20
\eqnshift@=\dimen152
\alignsep@=\dimen153
\tagshift@=\dimen154
\tagwidth@=\dimen155
\totwidth@=\dimen156
\lineht@=\dimen157
\@envbody=\toks21
\multlinegap=\skip50
\multlinetaggap=\skip51
\mathdisplay@stack=\toks22
LaTeX Info: Redefining \[ on input line 2938.
LaTeX Info: Redefining \] on input line 2939.
)
(/usr/share/texlive/texmf-dist/tex/latex/amscls/amsthm.sty
Package: amsthm 2020/05/29 v2.20.6
\thm@style=\toks23
\thm@bodyfont=\toks24
\thm@headfont=\toks25
\thm@notefont=\toks26
\thm@headpunct=\toks27
\thm@preskip=\skip52
\thm@postskip=\skip53
\thm@headsep=\skip54
\dth@everypar=\toks28
)
(/usr/share/texlive/texmf-dist/tex/latex/amsfonts/amsfonts.sty
Package: amsfonts 2013/01/14 v3.01 Basic AMSFonts support
\symAMSa=\mathgroup6
\symAMSb=\mathgroup7
LaTeX Font Info:    Overwriting math alphabet `\mathfrak' in version `bold'
(Font)                  U/euf/m/n --> U/euf/b/n on input line 106.
)
(/usr/share/texlive/texmf-dist/tex/latex/tools/longtable.sty
Package: longtable 2021-09-01 v4.17 Multi-page Table package (DPC)
\LTleft=\skip55
\LTright=\skip56
\LTpre=\skip57
\LTpost=\skip58
\LTchunksize=\count274
\LTcapwidth=\dimen158
\LT@head=\box52
\LT@firsthead=\box53
\LT@foot=\box54
\LT@lastfoot=\box55
\LT@gbox=\box56
\LT@cols=\count275
\LT@rows=\count276
\c@LT@tables=\count277
\c@LT@chunks=\count278
\LT@p@ftn=\toks29
)
(/usr/share/texlive/texmf-dist/tex/latex/tools/array.sty
Package: array 2021/10/04 v2.5f Tabular extension package (FMi)
\col@sep=\dimen159
\ar@mcellbox=\box57
\extrarowheight=\dimen160
\NC@list=\toks30
\extratabsurround=\skip59
\backup@length=\skip60
\ar@cellbox=\box58
)
\c@theorem=\count279
\c@proposition=\count280
\c@lemma=\count281
\c@definition=\count282
LaTeX Font Info:    Trying to load font information for T1+ptm on input line 29
.

(/usr/share/texlive/texmf-dist/tex/latex/psnfss/t1ptm.fd
File: t1ptm.fd 2001/06/04 font definitions for T1/ptm.
)
(/usr/share/texlive/texmf-dist/tex/latex/l3backend/l3backend-pdftex.def
File: l3backend-pdftex.def 2022-01-12 L3 backend support: PDF output (pdfTeX)
\l__color_backend_stack_int=\count283
\l__pdf_internal_box=\box59
)
(./main.aux

LaTeX Warning: Label `tab:tools' multiply defined.

)
\openout1 = `main.aux'.

LaTeX Font Info:    Checking defaults for OML/cmm/m/it on input line 29.
LaTeX Font Info:    ... okay on input line 29.
LaTeX Font Info:    Checking defaults for OMS/cmsy/m/n on input line 29.
LaTeX Font Info:    ... okay on input line 29.
LaTeX Font Info:    Checking defaults for OT1/cmr/m/n on input line 29.
LaTeX Font Info:    ... okay on input line 29.
LaTeX Font Info:    Checking defaults for T1/cmr/m/n on input line 29.
LaTeX Font Info:    ... okay on input line 29.
LaTeX Font Info:    Checking defaults for TS1/cmr/m/n on input line 29.
LaTeX Font Info:    ... okay on input line 29.
LaTeX Font Info:    Checking defaults for OMX/cmex/m/n on input line 29.
LaTeX Font Info:    ... okay on input line 29.
LaTeX Font Info:    Checking defaults for U/cmr/m/n on input line 29.
LaTeX Font Info:    ... okay on input line 29.

*geometry* driver: auto-detecting
*geometry* detected driver: pdftex
*geometry* verbose mode - [ preamble ] result:
* driver: pdftex
* paper: <default>
* layout: <same size as paper>
* layoutoffset:(h,v)=(0.0pt,0.0pt)
* modes: 
* h-part:(L,W,R)=(72.26999pt, 469.75502pt, 72.26999pt)
* v-part:(T,H,B)=(72.26999pt, 650.43001pt, 72.26999pt)
* \paperwidth=614.295pt
* \paperheight=794.96999pt
* \textwidth=469.75502pt
* \textheight=650.43001pt
* \oddsidemargin=0.0pt
* \evensidemargin=0.0pt
* \topmargin=-37.0pt
* \headheight=12.0pt
* \headsep=25.0pt
* \topskip=11.0pt
* \footskip=30.0pt
* \marginparwidth=59.0pt
* \marginparsep=10.0pt
* \columnsep=10.0pt
* \skip\footins=10.0pt plus 4.0pt minus 2.0pt
* \hoffset=0.0pt
* \voffset=0.0pt
* \mag=1000
* \@twocolumnfalse
* \@twosidefalse
* \@mparswitchfalse
* \@reversemarginfalse
* (1in=72.27pt=25.4mm, 1cm=28.453pt)

(/usr/share/texlive/texmf-dist/tex/context/base/mkii/supp-pdf.mkii
[Loading MPS to PDF converter (version 2006.09.02).]
\scratchcounter=\count284
\scratchdimen=\dimen161
\scratchbox=\box60
\nofMPsegments=\count285
\nofMParguments=\count286
\everyMPshowfont=\toks31
\MPscratchCnt=\count287
\MPscratchDim=\dimen162
\MPnumerator=\count288
\makeMPintoPDFobject=\count289
\everyMPtoPDFconversion=\toks32
) (/usr/share/texlive/texmf-dist/tex/latex/epstopdf-pkg/epstopdf-base.sty
Package: epstopdf-base 2020-01-24 v2.11 Base part for package epstopdf
Package epstopdf-base Info: Redefining graphics rule for `.eps' on input line 4
85.

(/usr/share/texlive/texmf-dist/tex/latex/latexconfig/epstopdf-sys.cfg
File: epstopdf-sys.cfg 2010/07/13 v1.3 Configuration of (r)epstopdf for TeX Liv
e
))
LaTeX Font Info:    Trying to load font information for OT1+ztmcm on input line
 30.

(/usr/share/texlive/texmf-dist/tex/latex/psnfss/ot1ztmcm.fd
File: ot1ztmcm.fd 2000/01/03 Fontinst v1.801 font definitions for OT1/ztmcm.
)
LaTeX Font Info:    Trying to load font information for OML+ztmcm on input line
 30.

(/usr/share/texlive/texmf-dist/tex/latex/psnfss/omlztmcm.fd
File: omlztmcm.fd 2000/01/03 Fontinst v1.801 font definitions for OML/ztmcm.
)
LaTeX Font Info:    Trying to load font information for OMS+ztmcm on input line
 30.

(/usr/share/texlive/texmf-dist/tex/latex/psnfss/omsztmcm.fd
File: omsztmcm.fd 2000/01/03 Fontinst v1.801 font definitions for OMS/ztmcm.
)
LaTeX Font Info:    Trying to load font information for OMX+ztmcm on input line
 30.

(/usr/share/texlive/texmf-dist/tex/latex/psnfss/omxztmcm.fd
File: omxztmcm.fd 2000/01/03 Fontinst v1.801 font definitions for OMX/ztmcm.
)
LaTeX Font Info:    Trying to load font information for OT1+ptm on input line 3
0.

(/usr/share/texlive/texmf-dist/tex/latex/psnfss/ot1ptm.fd
File: ot1ptm.fd 2001/06/04 font definitions for OT1/ptm.
)
LaTeX Font Info:    Font shape `OT1/ptm/bx/n' in size <12> not available
(Font)              Font shape `OT1/ptm/b/n' tried instead on input line 30.
LaTeX Font Info:    Font shape `OT1/ptm/bx/n' in size <9> not available
(Font)              Font shape `OT1/ptm/b/n' tried instead on input line 30.
LaTeX Font Info:    Font shape `OT1/ptm/bx/n' in size <7> not available
(Font)              Font shape `OT1/ptm/b/n' tried instead on input line 30.
 (./main.toc
LaTeX Font Info:    Font shape `OT1/ptm/bx/n' in size <10.95> not available
(Font)              Font shape `OT1/ptm/b/n' tried instead on input line 2.
LaTeX Font Info:    Font shape `OT1/ptm/bx/n' in size <8> not available
(Font)              Font shape `OT1/ptm/b/n' tried instead on input line 2.
LaTeX Font Info:    Font shape `OT1/ptm/bx/n' in size <6> not available
(Font)              Font shape `OT1/ptm/b/n' tried instead on input line 2.
 [1

{/var/lib/texmf/fonts/map/pdftex/updmap/pdftex.map}])
\tf@toc=\write3
\openout3 = `main.toc'.

 [2] [3]
Overfull \hbox (1.17392pt too wide) in paragraph at lines 160--164
\T1/ptm/m/n/10.95 la-bels $\OML/ztmcm/m/it/10.95 y$\T1/ptm/m/n/10.95 , de-fine 
per-class thresh-olds $\OML/ztmcm/m/it/10.95 t[] \OT1/ztmcm/m/n/10.95 = [] [][]
 \OML/ztmcm/m/it/10.95 P[]$ \T1/ptm/m/n/10.95 and the con-fi-dent pre-dic-tion 
$[] \OT1/ztmcm/m/n/10.95 = [] [][]\OMS/ztmcm/m/n/10.95 f\OML/ztmcm/m/it/10.95 P
[] \OT1/ztmcm/m/n/10.95 :
 []

LaTeX Font Info:    Trying to load font information for T1+cmtt on input line 1
76.
(/usr/share/texlive/texmf-dist/tex/latex/base/t1cmtt.fd
File: t1cmtt.fd 2019/12/16 v2.5j Standard LaTeX font definitions
) [4]
(./generated_tables.tex
Overfull \hbox (54.97899pt too wide) in paragraph at lines 3--15
 [][] 
 []


Overfull \hbox (48.24542pt too wide) in paragraph at lines 222--16
\T1/ptm/m/it/10.95 All num-bers be-low are read pro-gram-mat-i-cally from com-m
it-ted JSON files un-der \T1/cmtt/m/it/10.95 results/\T1/ptm/m/it/10.95 ; see \
T1/cmtt/m/it/10.95 src/make_tables.py\T1/ptm/m/it/10.95 .
 []

[5])
<../figures/malaria_training_curves.png, id=30, 433.62pt x 289.08pt>
File: ../figures/malaria_training_curves.png Graphic file (type png)
<use ../figures/malaria_training_curves.png>
Package pdftex.def Info: ../figures/malaria_training_curves.png  used on input 
line 227.
(pdftex.def)             Requested size: 338.22418pt x 225.49472pt.


LaTeX Warning: `h' float specifier changed to `ht'.

<../figures/malaria_confusion.png, id=32, 578.16pt x 260.172pt>
File: ../figures/malaria_confusion.png Graphic file (type png)
<use ../figures/malaria_confusion.png>
Package pdftex.def Info: ../figures/malaria_confusion.png  used on input line 2
33.
(pdftex.def)             Requested size: 281.85587pt x 126.83432pt.

LaTeX Warning: `h' float specifier changed to `ht'.

<../figures/malaria_confident_joint.png, id=33, 289.08pt x 260.172pt>
File: ../figures/malaria_confident_joint.png Graphic file (type png)
<use ../figures/malaria_confident_joint.png>
Package pdftex.def Info: ../figures/malaria_confident_joint.png  used on input 
line 237.
(pdftex.def)             Requested size: 291.2458pt x 262.13246pt.

LaTeX Warning: `h' float specifier changed to `ht'.

<../figures/pneumonia_training_curves.png, id=34, 433.62pt x 289.08pt>
File: ../figures/pneumonia_training_curves.png Graphic file (type png)
<use ../figures/pneumonia_training_curves.png>
Package pdftex.def Info: ../figures/pneumonia_training_curves.png  used on inpu
t line 246.
(pdftex.def)             Requested size: 338.22418pt x 225.49472pt.

LaTeX Warning: `h' float specifier changed to `ht'.

<../figures/pneumonia_confusion.png, id=35, 578.16pt x 260.172pt>
File: ../figures/pneumonia_confusion.png Graphic file (type png)
<use ../figures/pneumonia_confusion.png>
Package pdftex.def Info: ../figures/pneumonia_confusion.png  used on input line
 252.
(pdftex.def)             Requested size: 281.85587pt x 126.83432pt.

LaTeX Warning: `h' float specifier changed to `ht'.

<../figures/malaria_saliency_ig.png, id=36, 505.89pt x 1214.136pt>
File: ../figures/malaria_saliency_ig.png Graphic file (type png)
<use ../figures/malaria_saliency_ig.png>
Package pdftex.def Info: ../figures/malaria_saliency_ig.png  used on input line
 260.
(pdftex.def)             Requested size: 403.9896pt x 969.58719pt.

LaTeX Warning: Float too large for page by 385.98993pt on input line 267.


LaTeX Warning: `h' float specifier changed to `ht'.

<../figures/pneumonia_confident_joint.png, id=37, 289.08pt x 260.172pt>
File: ../figures/pneumonia_confident_joint.png Graphic file (type png)
<use ../figures/pneumonia_confident_joint.png>
Package pdftex.def Info: ../figures/pneumonia_confident_joint.png  used on inpu
t line 271.
(pdftex.def)             Requested size: 291.2458pt x 262.13246pt.

LaTeX Warning: `h' float specifier changed to `ht'.

<../figures/malaria_oof_distributions.png, id=38, 469.755pt x 260.172pt>
File: ../figures/malaria_oof_distributions.png Graphic file (type png)
<use ../figures/malaria_oof_distributions.png>
Package pdftex.def Info: ../figures/malaria_oof_distributions.png  used on inpu
t line 280.
(pdftex.def)             Requested size: 291.2458pt x 161.30495pt.
<../figures/pneumonia_oof_distributions.png, id=39, 469.755pt x 260.172pt>
File: ../figures/pneumonia_oof_distributions.png Graphic file (type png)
<use ../figures/pneumonia_oof_distributions.png>
Package pdftex.def Info: ../figures/pneumonia_oof_distributions.png  used on in
put line 281.
(pdftex.def)             Requested size: 291.2458pt x 161.30495pt.

LaTeX Warning: `h' float specifier changed to `ht'.

[6] [7 <../figures/malaria_training_curves.png> <../figures/malaria_confusion.p
ng>]
Overfull \hbox (39.55336pt too wide) in paragraph at lines 340--354
\T1/ptm/m/n/10.95 Four in-de-pen-dent checks (\T1/cmtt/m/n/10.95 results/tool_b
attery_1.json\T1/ptm/m/n/10.95 ): (i) \T1/ptm/b/n/10.95 sympy\T1/ptm/m/n/10.95 
: the GCN nor-mal-i-sa-tion $\OML/ztmcm/m/it/10.95 D[]\OT1/ztmcm/m/n/10.95 (\OM
L/ztmcm/m/it/10.95 A[]I\OT1/ztmcm/m/n/10.95 )\OML/ztmcm/m/it/10.95 D[]$
 []

[8 <../figures/malaria_confident_joint.png>] [9 <../figures/pneumonia_training_
curves.png> <../figures/pneumonia_confusion.png>]
Overfull \hbox (74.6875pt too wide) in paragraph at lines 402--419
\T1/ptm/m/n/10.95 seed runs). We re-analysed them with three in-de-pen-dent too
lchains (\T1/cmtt/m/n/10.95 results/tena_scope/tool_battery_6_tena.json\T1/ptm/
m/n/10.95 ).
 []


Overfull \hbox (82.57164pt too wide) in paragraph at lines 420--433
\T1/ptm/m/n/10.95 Shan-non en-tropy) with Mann--Whitney tests against 500 match
ed con-trols (\T1/cmtt/m/n/10.95 results/*/flagged_image_properties.json\T1/ptm
/m/n/10.95 ):
 []


Overfull \hbox (2.03125pt too wide) in paragraph at lines 420--433
\T1/ptm/m/n/10.95 flagged pneu-mo-nia films are sig-nif-i-cantly \T1/ptm/m/it/1
0.95 sharper \T1/ptm/m/n/10.95 (me-dian 0.0053 vs 0.0032, $\OML/ztmcm/m/it/10.9
5 p[]\OT1/ztmcm/m/n/10.95 1\OML/ztmcm/m/it/10.95 :\OT1/ztmcm/m/n/10.95 7[]10[]$
\T1/ptm/m/n/10.95 ), higher-contrast
 []


LaTeX Warning: Reference `tab:census' on page 10 undefined on input line 436.

[10]

LaTeX Warning: Reference `tab:benchmark' on page 11 undefined on input line 464
.

LaTeX Font Info:    Trying to load font information for TS1+ptm on input line 4
86.
(/usr/share/texlive/texmf-dist/tex/latex/psnfss/ts1ptm.fd
File: ts1ptm.fd 2001/06/04 font definitions for TS1/ptm.
) [11]
(./tools_table_body.tex
Underfull \hbox (badness 10000) in paragraph at lines 14--14
[]|\T1/ptm/m/n/10.95 Captum (In-te-grated Gra-di-
 []


Underfull \hbox (badness 1082) in paragraph at lines 36--37
[]|\T1/ptm/m/n/10.95 publication-date ev-i-dence for the NIH malaria dataset re
cord
 []

) [12] (./datasets_table_body.tex
Underfull \hbox (badness 10000) in paragraph at lines 2--2
[]|\T1/ptm/m/n/10.95 Kermany ChestXRay2017
 []

)
Overfull \hbox (37.47626pt too wide) in paragraph at lines 514--521
\T1/ptm/m/n/10.95 torch-metrics) over the com-mit-ted prob-a-bil-ity files; all
 eight agree ex-actly (\T1/cmtt/m/n/10.95 results/metrics_crossverify.json\T1/p
tm/m/n/10.95 ).
 []

(./flagged_ids_body.tex [13] [14] [15] [16] [17] [18] [19] [20] [21] [22]
[23] [24] [25] [26]) [27] [28] [29 <../figures/malaria_saliency_ig.png>]
[30 <../figures/pneumonia_confident_joint.png>] [31 <../figures/malaria_oof_dis
tributions.png> <../figures/pneumonia_oof_distributions.png>] (./main.aux)

LaTeX Warning: There were undefined references.


LaTeX Warning: There were multiply-defined labels.

 ) 
Here is how much of TeX's memory you used:
 3498 strings out of 480247
 54032 string characters out of 5896151
 358075 words of memory out of 5000000
 21343 multiletter control sequences out of 15000+600000
 534679 words of font info for 129 fonts, out of 8000000 for 9000
 14 hyphenation exceptions out of 8191
 55i,10n,62p,507b,244s stack positions out of 5000i,500n,10000p,200000b,80000s
 </home/sandbox/.texlive2021/texmf-var/fonts/pk/ljfour/jknappen/ec/ecit1095.6
00pk> </home/sandbox/.texlive2021/texmf-var/fonts/pk/ljfour/jknappen/ec/ectt109
5.600pk>{/usr/share/texlive/texmf-dist/fonts/enc/dvips/base/8r.enc}</usr/share/
texlive/texmf-dist/fonts/type1/public/amsfonts/cm/cmex10.pfb></usr/share/texliv
e/texmf-dist/fonts/type1/public/amsfonts/cm/cmmi10.pfb></usr/share/texlive/texm
f-dist/fonts/type1/public/amsfonts/cm/cmr10.pfb></usr/share/texlive/texmf-dist/
fonts/type1/public/amsfonts/cm/cmsy10.pfb></usr/share/texlive/texmf-dist/fonts/
type1/public/amsfonts/symbols/msbm10.pfb></usr/share/texlive/texmf-dist/fonts/t
ype1/public/rsfs/rsfs10.pfb></usr/share/texlive/texmf-dist/fonts/type1/urw/symb
ol/usyr.pfb></usr/share/texlive/texmf-dist/fonts/type1/urw/symbol/usyr.pfb></us
r/share/texlive/texmf-dist/fonts/type1/urw/times/utmb8a.pfb></usr/share/texlive
/texmf-dist/fonts/type1/urw/times/utmr8a.pfb></usr/share/texlive/texmf-dist/fon
ts/type1/urw/times/utmri8a.pfb>
Output written on main.pdf (31 pages, 670314 bytes).
PDF statistics:
 259 PDF objects out of 1000 (max. 8388607)
 113 compressed objects within 2 object streams
 0 named destinations out of 1000 (max. 500000)
 46 words of extra memory for PDF output out of 10000 (max. 10000000)

