This is pdfTeX, Version 3.141592653-2.6-1.40.22 (TeX Live 2022/dev/Debian) (preloaded format=pdflatex 2026.8.14)  27 SEP 2026 11:16
entering extended mode
 restricted \write18 enabled.
 %&-line parsing enabled.
**main.tex
(./main.tex
LaTeX2e <2021-11-15> patch level 1
L3 programming layer <2022-01-21>
(/usr/share/texlive/texmf-dist/tex/latex/base/article.cls
Document Class: article 2021/10/04 v1.4n Standard LaTeX document class
(/usr/share/texlive/texmf-dist/tex/latex/base/size11.clo
File: size11.clo 2021/10/04 v1.4n Standard LaTeX file (size option)
)
\c@part=\count185
\c@section=\count186
\c@subsection=\count187
\c@subsubsection=\count188
\c@paragraph=\count189
\c@subparagraph=\count190
\c@figure=\count191
\c@table=\count192
\abovecaptionskip=\skip47
\belowcaptionskip=\skip48
\bibindent=\dimen138
)
(/usr/share/texlive/texmf-dist/tex/latex/base/fontenc.sty
Package: fontenc 2021/04/29 v2.0v Standard LaTeX package
)
(/usr/share/texlive/texmf-dist/tex/latex/psnfss/mathptmx.sty
Package: mathptmx 2020/03/25 PSNFSS-v9.3 Times w/ Math, improved (SPQR, WaS) 
LaTeX Font Info:    Redeclaring symbol font `operators' on input line 28.
LaTeX Font Info:    Overwriting symbol font `operators' in version `normal'
(Font)                  OT1/cmr/m/n --> OT1/ztmcm/m/n on input line 28.
LaTeX Font Info:    Overwriting symbol font `operators' in version `bold'
(Font)                  OT1/cmr/bx/n --> OT1/ztmcm/m/n on input line 28.
LaTeX Font Info:    Redeclaring symbol font `letters' on input line 29.
LaTeX Font Info:    Overwriting symbol font `letters' in version `normal'
(Font)                  OML/cmm/m/it --> OML/ztmcm/m/it on input line 29.
LaTeX Font Info:    Overwriting symbol font `letters' in version `bold'
(Font)                  OML/cmm/b/it --> OML/ztmcm/m/it on input line 29.
LaTeX Font Info:    Redeclaring symbol font `symbols' on input line 30.
LaTeX Font Info:    Overwriting symbol font `symbols' in version `normal'
(Font)                  OMS/cmsy/m/n --> OMS/ztmcm/m/n on input line 30.
LaTeX Font Info:    Overwriting symbol font `symbols' in version `bold'
(Font)                  OMS/cmsy/b/n --> OMS/ztmcm/m/n on input line 30.
LaTeX Font Info:    Redeclaring symbol font `largesymbols' on input line 31.
LaTeX Font Info:    Overwriting symbol font `largesymbols' in version `normal'
(Font)                  OMX/cmex/m/n --> OMX/ztmcm/m/n on input line 31.
LaTeX Font Info:    Overwriting symbol font `largesymbols' in version `bold'
(Font)                  OMX/cmex/m/n --> OMX/ztmcm/m/n on input line 31.
\symbold=\mathgroup4
\symitalic=\mathgroup5
LaTeX Font Info:    Redeclaring math alphabet \mathbf on input line 34.
LaTeX Font Info:    Overwriting math alphabet `\mathbf' in version `normal'
(Font)                  OT1/cmr/bx/n --> OT1/ptm/bx/n on input line 34.
LaTeX Font Info:    Overwriting math alphabet `\mathbf' in version `bold'
(Font)                  OT1/cmr/bx/n --> OT1/ptm/bx/n on input line 34.
LaTeX Font Info:    Redeclaring math alphabet \mathit on input line 35.
LaTeX Font Info:    Overwriting math alphabet `\mathit' in version `normal'
(Font)                  OT1/cmr/m/it --> OT1/ptm/m/it on input line 35.
LaTeX Font Info:    Overwriting math alphabet `\mathit' in version `bold'
(Font)                  OT1/cmr/bx/it --> OT1/ptm/m/it on input line 35.
LaTeX Info: Redefining \hbar on input line 50.
)
(/usr/share/texlive/texmf-dist/tex/latex/geometry/geometry.sty
Package: geometry 2020/01/02 v5.9 Page Geometry

(/usr/share/texlive/texmf-dist/tex/latex/graphics/keyval.sty
Package: keyval 2014/10/28 v1.15 key=value parser (DPC)
\KV@toks@=\toks16
)
(/usr/share/texlive/texmf-dist/tex/generic/iftex/ifvtex.sty
Package: ifvtex 2019/10/25 v1.7 ifvtex legacy package. Use iftex instead.

(/usr/share/texlive/texmf-dist/tex/generic/iftex/iftex.sty
Package: iftex 2020/03/06 v1.0d TeX engine tests
))
\Gm@cnth=\count193
\Gm@cntv=\count194
\c@Gm@tempcnt=\count195
\Gm@bindingoffset=\dimen139
\Gm@wd@mp=\dimen140
\Gm@odd@mp=\dimen141
\Gm@even@mp=\dimen142
\Gm@layoutwidth=\dimen143
\Gm@layoutheight=\dimen144
\Gm@layouthoffset=\dimen145
\Gm@layoutvoffset=\dimen146
\Gm@dimlist=\toks17
)
(/usr/share/texlive/texmf-dist/tex/latex/graphics/graphicx.sty
Package: graphicx 2021/09/16 v1.2d Enhanced LaTeX Graphics (DPC,SPQR)

(/usr/share/texlive/texmf-dist/tex/latex/graphics/graphics.sty
Package: graphics 2021/03/04 v1.4d Standard LaTeX Graphics (DPC,SPQR)

(/usr/share/texlive/texmf-dist/tex/latex/graphics/trig.sty
Package: trig 2021/08/11 v1.11 sin cos tan (DPC)
)
(/usr/share/texlive/texmf-dist/tex/latex/graphics-cfg/graphics.cfg
File: graphics.cfg 2016/06/04 v1.11 sample graphics configuration
)
Package graphics Info: Driver file: pdftex.def on input line 107.

(/usr/share/texlive/texmf-dist/tex/latex/graphics-def/pdftex.def
File: pdftex.def 2020/10/05 v1.2a Graphics/color driver for pdftex
))
\Gin@req@height=\dimen147
\Gin@req@width=\dimen148
)
(/usr/share/texlive/texmf-dist/tex/latex/amsmath/amsmath.sty
Package: amsmath 2021/10/15 v2.17l AMS math features
\@mathmargin=\skip49

For additional information on amsmath, use the `?' option.
(/usr/share/texlive/texmf-dist/tex/latex/amsmath/amstext.sty
Package: amstext 2021/08/26 v2.01 AMS text

(/usr/share/texlive/texmf-dist/tex/latex/amsmath/amsgen.sty
File: amsgen.sty 1999/11/30 v2.0 generic functions
\@emptytoks=\toks18
\ex@=\dimen149
))
(/usr/share/texlive/texmf-dist/tex/latex/amsmath/amsbsy.sty
Package: amsbsy 1999/11/29 v1.2d Bold Symbols
\pmbraise@=\dimen150
)
(/usr/share/texlive/texmf-dist/tex/latex/amsmath/amsopn.sty
Package: amsopn 2021/08/26 v2.02 operator names
)
\inf@bad=\count196
LaTeX Info: Redefining \frac on input line 234.
\uproot@=\count197
\leftroot@=\count198
LaTeX Info: Redefining \overline on input line 399.
\classnum@=\count199
\DOTSCASE@=\count266
LaTeX Info: Redefining \ldots on input line 496.
LaTeX Info: Redefining \dots on input line 499.
LaTeX Info: Redefining \cdots on input line 620.
\Mathstrutbox@=\box50
\strutbox@=\box51
\big@size=\dimen151
LaTeX Font Info:    Redeclaring font encoding OML on input line 743.
LaTeX Font Info:    Redeclaring font encoding OMS on input line 744.
\macc@depth=\count267
\c@MaxMatrixCols=\count268
\dotsspace@=\muskip16
\c@parentequation=\count269
\dspbrk@lvl=\count270
\tag@help=\toks19
\row@=\count271
\column@=\count272
\maxfields@=\count273
\andhelp@=\toks20
\eqnshift@=\dimen152
\alignsep@=\dimen153
\tagshift@=\dimen154
\tagwidth@=\dimen155
\totwidth@=\dimen156
\lineht@=\dimen157
\@envbody=\toks21
\multlinegap=\skip50
\multlinetaggap=\skip51
\mathdisplay@stack=\toks22
LaTeX Info: Redefining \[ on input line 2938.
LaTeX Info: Redefining \] on input line 2939.
)
(/usr/share/texlive/texmf-dist/tex/latex/amscls/amsthm.sty
Package: amsthm 2020/05/29 v2.20.6
\thm@style=\toks23
\thm@bodyfont=\toks24
\thm@headfont=\toks25
\thm@notefont=\toks26
\thm@headpunct=\toks27
\thm@preskip=\skip52
\thm@postskip=\skip53
\thm@headsep=\skip54
\dth@everypar=\toks28
)
(/usr/share/texlive/texmf-dist/tex/latex/amsfonts/amsfonts.sty
Package: amsfonts 2013/01/14 v3.01 Basic AMSFonts support
\symAMSa=\mathgroup6
\symAMSb=\mathgroup7
LaTeX Font Info:    Overwriting math alphabet `\mathfrak' in version `bold'
(Font)                  U/euf/m/n --> U/euf/b/n on input line 106.
)
(/usr/share/texlive/texmf-dist/tex/latex/tools/longtable.sty
Package: longtable 2021-09-01 v4.17 Multi-page Table package (DPC)
\LTleft=\skip55
\LTright=\skip56
\LTpre=\skip57
\LTpost=\skip58
\LTchunksize=\count274
\LTcapwidth=\dimen158
\LT@head=\box52
\LT@firsthead=\box53
\LT@foot=\box54
\LT@lastfoot=\box55
\LT@gbox=\box56
\LT@cols=\count275
\LT@rows=\count276
\c@LT@tables=\count277
\c@LT@chunks=\count278
\LT@p@ftn=\toks29
)
(/usr/share/texlive/texmf-dist/tex/latex/tools/array.sty
Package: array 2021/10/04 v2.5f Tabular extension package (FMi)
\col@sep=\dimen159
\ar@mcellbox=\box57
\extrarowheight=\dimen160
\NC@list=\toks30
\extratabsurround=\skip59
\backup@length=\skip60
\ar@cellbox=\box58
)
\c@theorem=\count279
\c@proposition=\count280
\c@lemma=\count281
\c@definition=\count282
LaTeX Font Info:    Trying to load font information for T1+ptm on input line 34
.

(/usr/share/texlive/texmf-dist/tex/latex/psnfss/t1ptm.fd
File: t1ptm.fd 2001/06/04 font definitions for T1/ptm.
)
(/usr/share/texlive/texmf-dist/tex/latex/l3backend/l3backend-pdftex.def
File: l3backend-pdftex.def 2022-01-12 L3 backend support: PDF output (pdfTeX)
\l__color_backend_stack_int=\count283
\l__pdf_internal_box=\box59
)
(./main.aux)
\openout1 = `main.aux'.

LaTeX Font Info:    Checking defaults for OML/cmm/m/it on input line 34.
LaTeX Font Info:    ... okay on input line 34.
LaTeX Font Info:    Checking defaults for OMS/cmsy/m/n on input line 34.
LaTeX Font Info:    ... okay on input line 34.
LaTeX Font Info:    Checking defaults for OT1/cmr/m/n on input line 34.
LaTeX Font Info:    ... okay on input line 34.
LaTeX Font Info:    Checking defaults for T1/cmr/m/n on input line 34.
LaTeX Font Info:    ... okay on input line 34.
LaTeX Font Info:    Checking defaults for TS1/cmr/m/n on input line 34.
LaTeX Font Info:    ... okay on input line 34.
LaTeX Font Info:    Checking defaults for OMX/cmex/m/n on input line 34.
LaTeX Font Info:    ... okay on input line 34.
LaTeX Font Info:    Checking defaults for U/cmr/m/n on input line 34.
LaTeX Font Info:    ... okay on input line 34.

*geometry* driver: auto-detecting
*geometry* detected driver: pdftex
*geometry* verbose mode - [ preamble ] result:
* driver: pdftex
* paper: <default>
* layout: <same size as paper>
* layoutoffset:(h,v)=(0.0pt,0.0pt)
* modes: 
* h-part:(L,W,R)=(72.26999pt, 469.75502pt, 72.26999pt)
* v-part:(T,H,B)=(72.26999pt, 650.43001pt, 72.26999pt)
* \paperwidth=614.295pt
* \paperheight=794.96999pt
* \textwidth=469.75502pt
* \textheight=650.43001pt
* \oddsidemargin=0.0pt
* \evensidemargin=0.0pt
* \topmargin=-37.0pt
* \headheight=12.0pt
* \headsep=25.0pt
* \topskip=11.0pt
* \footskip=30.0pt
* \marginparwidth=59.0pt
* \marginparsep=10.0pt
* \columnsep=10.0pt
* \skip\footins=10.0pt plus 4.0pt minus 2.0pt
* \hoffset=0.0pt
* \voffset=0.0pt
* \mag=1000
* \@twocolumnfalse
* \@twosidefalse
* \@mparswitchfalse
* \@reversemarginfalse
* (1in=72.27pt=25.4mm, 1cm=28.453pt)

(/usr/share/texlive/texmf-dist/tex/context/base/mkii/supp-pdf.mkii
[Loading MPS to PDF converter (version 2006.09.02).]
\scratchcounter=\count284
\scratchdimen=\dimen161
\scratchbox=\box60
\nofMPsegments=\count285
\nofMParguments=\count286
\everyMPshowfont=\toks31
\MPscratchCnt=\count287
\MPscratchDim=\dimen162
\MPnumerator=\count288
\makeMPintoPDFobject=\count289
\everyMPtoPDFconversion=\toks32
) (/usr/share/texlive/texmf-dist/tex/latex/epstopdf-pkg/epstopdf-base.sty
Package: epstopdf-base 2020-01-24 v2.11 Base part for package epstopdf
Package epstopdf-base Info: Redefining graphics rule for `.eps' on input line 4
85.

(/usr/share/texlive/texmf-dist/tex/latex/latexconfig/epstopdf-sys.cfg
File: epstopdf-sys.cfg 2010/07/13 v1.3 Configuration of (r)epstopdf for TeX Liv
e
))
LaTeX Font Info:    Trying to load font information for OT1+ztmcm on input line
 35.

(/usr/share/texlive/texmf-dist/tex/latex/psnfss/ot1ztmcm.fd
File: ot1ztmcm.fd 2000/01/03 Fontinst v1.801 font definitions for OT1/ztmcm.
)
LaTeX Font Info:    Trying to load font information for OML+ztmcm on input line
 35.

(/usr/share/texlive/texmf-dist/tex/latex/psnfss/omlztmcm.fd
File: omlztmcm.fd 2000/01/03 Fontinst v1.801 font definitions for OML/ztmcm.
)
LaTeX Font Info:    Trying to load font information for OMS+ztmcm on input line
 35.

(/usr/share/texlive/texmf-dist/tex/latex/psnfss/omsztmcm.fd
File: omsztmcm.fd 2000/01/03 Fontinst v1.801 font definitions for OMS/ztmcm.
)
LaTeX Font Info:    Trying to load font information for OMX+ztmcm on input line
 35.

(/usr/share/texlive/texmf-dist/tex/latex/psnfss/omxztmcm.fd
File: omxztmcm.fd 2000/01/03 Fontinst v1.801 font definitions for OMX/ztmcm.
)
LaTeX Font Info:    Trying to load font information for OT1+ptm on input line 3
5.

(/usr/share/texlive/texmf-dist/tex/latex/psnfss/ot1ptm.fd
File: ot1ptm.fd 2001/06/04 font definitions for OT1/ptm.
)
LaTeX Font Info:    Font shape `OT1/ptm/bx/n' in size <12> not available
(Font)              Font shape `OT1/ptm/b/n' tried instead on input line 35.
LaTeX Font Info:    Font shape `OT1/ptm/bx/n' in size <9> not available
(Font)              Font shape `OT1/ptm/b/n' tried instead on input line 35.
LaTeX Font Info:    Font shape `OT1/ptm/bx/n' in size <7> not available
(Font)              Font shape `OT1/ptm/b/n' tried instead on input line 35.
 (./main.toc
LaTeX Font Info:    Font shape `OT1/ptm/bx/n' in size <10.95> not available
(Font)              Font shape `OT1/ptm/b/n' tried instead on input line 3.
LaTeX Font Info:    Font shape `OT1/ptm/bx/n' in size <8> not available
(Font)              Font shape `OT1/ptm/b/n' tried instead on input line 3.
LaTeX Font Info:    Font shape `OT1/ptm/bx/n' in size <6> not available
(Font)              Font shape `OT1/ptm/b/n' tried instead on input line 3.
 [1

{/var/lib/texmf/fonts/map/pdftex/updmap/pdftex.map}] [2] [3] [4])
\tf@toc=\write3
\openout3 = `main.toc'.

 [5]
(./sec_intro_data_methods.tex
LaTeX Font Info:    Trying to load font information for T1+cmtt on input line 3
.

(/usr/share/texlive/texmf-dist/tex/latex/base/t1cmtt.fd
File: t1cmtt.fd 2019/12/16 v2.5j Standard LaTeX font definitions
)
Overfull \hbox (22.49171pt too wide) in paragraph at lines 56--64
\T1/ptm/m/n/10.95 PubMed records in-di-vid-u-ally fetched and screened in the l
it-er-a-ture au-dit (\T1/cmtt/m/n/10.95 results/lit_audit_malaria.json\T1/ptm/m
/n/10.95 ).
 []

[6]) (./sec_datacard.tex [7]) (./sec_architecture.tex
Overfull \hbox (22.64946pt too wide) in paragraph at lines 17--1
\T1/ptm/m/n/10.95 The cen-sus es-ti-mates 11.44% la-bel in-con-sis-tency with a
 strongly one-directional pat-tern (Parasitized$\OMS/ztmcm/m/n/10.95 !$\T1/ptm/
m/n/10.95 Uninfected
 []

LaTeX Font Info:    Font shape `OT1/ptm/bx/n' in size <10> not available
(Font)              Font shape `OT1/ptm/b/n' tried instead on input line 7.
LaTeX Font Info:    Font shape `OT1/ptm/bx/n' in size <7.4> not available
(Font)              Font shape `OT1/ptm/b/n' tried instead on input line 7.
) (../paper_shared/math_foundations.tex [8] [9]
Overfull \hbox (1.17392pt too wide) in paragraph at lines 77--81
\T1/ptm/m/n/10.95 la-bels $\OML/ztmcm/m/it/10.95 y$\T1/ptm/m/n/10.95 , de-fine 
per-class thresh-olds $\OML/ztmcm/m/it/10.95 t[] \OT1/ztmcm/m/n/10.95 = [] [][]
 \OML/ztmcm/m/it/10.95 P[]$ \T1/ptm/m/n/10.95 and the con-fi-dent pre-dic-tion 
$[] \OT1/ztmcm/m/n/10.95 = [] [][]\OMS/ztmcm/m/n/10.95 f\OML/ztmcm/m/it/10.95 P
[] \OT1/ztmcm/m/n/10.95 :
 []

) (./sec_results.tex [10]
Overfull \hbox (3.88504pt too wide) in paragraph at lines 37--46
\T1/ptm/m/n/10.95 The three-fold out-of-fold cen-sus (\T1/cmtt/m/n/10.95 result
s/malaria/label_noise_census.json\T1/ptm/m/n/10.95 ) es-ti-mates a label-noise
 []

) (./sec_rm1.tex
Overfull \hbox (58.20784pt too wide) in paragraph at lines 56--1
\T1/ptm/m/n/10.95 An 8-trial Op-tuna search over Re-gionGCN hid-den width, grid
, and learn-ing rate (\T1/cmtt/m/n/10.95 results/malaria/optuna_gcn.json\T1/ptm
/m/n/10.95 )
 []

[11]) (./sec_verification.tex
Overfull \hbox (23.26309pt too wide) in paragraph at lines 4--7
\T1/ptm/m/n/10.95 PubMed record ver-i-fied: PMID 29682411, \T1/ptm/m/it/10.95 P
eerJ \T1/ptm/m/n/10.95 (2018), ti-tle as cited (\T1/cmtt/m/n/10.95 results/pubm
ed_verification.json\T1/ptm/m/n/10.95 ). 
 []

) (./sec_bbbc.tex
Overfull \hbox (8.33774pt too wide) in alignment at lines 9--11
 [] [] [] [] [] 
 []


Underfull \hbox (badness 1303) in paragraph at lines 25--25
[]|\T1/ptm/m/n/10.95 Human MCF7 and A549 cells cy-to-
 []


Underfull \hbox (badness 10000) in paragraph at lines 28--28
[]|\T1/ptm/m/n/10.95 Human HT29 colon-cancer cells
 []


Underfull \hbox (badness 1248) in paragraph at lines 29--29
[]|\T1/ptm/m/n/10.95 Human HT29 colon-cancer cells (di-
 []


Underfull \hbox (badness 10000) in paragraph at lines 31--31
[]|\T1/ptm/m/n/10.95 Murine bone-marrow de-rived
 []


Underfull \hbox (badness 10000) in paragraph at lines 32--32
[]|\T1/ptm/m/n/10.95 Human MCF7 cells ^^U compound-
 []


Underfull \hbox (badness 10000) in paragraph at lines 33--33
[]|\T1/ptm/m/n/10.95 Human U2OS cells ^^U compound-
 []


Underfull \hbox (badness 1009) in paragraph at lines 49--49
[]|\T1/ptm/m/n/10.95 Nuclei of U2OS cells in a chem-i-cal
 []


Underfull \hbox (badness 5331) in paragraph at lines 59--59
[]|\T1/ptm/m/n/10.95 Murine Cath.a dif-fer-en-ti-ated (CAD)
 []


Underfull \hbox (badness 5331) in paragraph at lines 60--60
[]|\T1/ptm/m/n/10.95 Murine Cath.a dif-fer-en-ti-ated (CAD)
 []


Overfull \hbox (8.33774pt too wide) in alignment at lines 11--63
 [] [] [] [] [] 
 []

[12] [13]) (./lit_survey_malaria.tex [14] [15] [16] [17]
Underfull \hbox (badness 2671) in paragraph at lines 117--118
[]|\T1/ptm/m/n/10.95 Detection of malaria in-fec-tion from parasite-free blood
 []


Underfull \hbox (badness 2512) in paragraph at lines 148--149
[]|\T1/ptm/m/n/10.95 Automatic patient-level recog-ni-tion of four Plas-mod-ium

 []


Underfull \hbox (badness 1400) in paragraph at lines 158--159
[]|\T1/ptm/m/n/10.95 An Em-pir-i-cal Eval-u-a-tion of Con-vo-lu-tional Net-work
s for
 []


Underfull \hbox (badness 1348) in paragraph at lines 168--169
[]|\T1/ptm/m/n/10.95 Two-stage au-to-mated di-ag-no-sis frame-work for uro-gen-
i-tal
 []


Underfull \hbox (badness 1286) in paragraph at lines 201--202
[]|\T1/ptm/m/n/10.95 Automated de-tec-tion of malaria pig-ment: fea-si-bil-ity 
for
 []

LaTeX Font Info:    Trying to load font information for TS1+ptm on input line 2
04.
(/usr/share/texlive/texmf-dist/tex/latex/psnfss/ts1ptm.fd
File: ts1ptm.fd 2001/06/04 font definitions for TS1/ptm.
)
Underfull \hbox (badness 1194) in paragraph at lines 214--215
[]|\T1/ptm/m/n/10.95 Automated de-tec-tion of malaria-associated in-traleu-co-c
ytic
 []


Underfull \hbox (badness 3199) in paragraph at lines 219--220
[]|\T1/ptm/m/n/10.95 Mobile-Based Anal-y-sis of Malaria-Infected Thin Blood
 []


Underfull \hbox (badness 10000) in paragraph at lines 220--221
[]|\T1/ptm/m/n/10.95 Evaluation of au-to-mated loop-mediated am-pli-fi-ca-tion
 []


Underfull \hbox (badness 1102) in paragraph at lines 241--242
[]|\T1/ptm/m/n/10.95 AI-Supported Dig-i-tal Mi-croscopy Di-ag-nos-tics in Pri-m
ary
 []


Underfull \hbox (badness 1728) in paragraph at lines 245--246
[]|\T1/ptm/m/n/10.95 Malaria De-tec-tion by Third-Harmonic Gen-er-a-tion Im-age

 []


Underfull \hbox (badness 2837) in paragraph at lines 249--250
[]|\T1/ptm/m/n/10.95 Machine learn-ing ap-proach for au-to-mated screen-ing of
 []


Underfull \hbox (badness 1168) in paragraph at lines 276--277
[]|\T1/ptm/m/n/10.95 Investigating the Joint Am-pli-tude and Phase Imag-ing of
 []

[18] [19] [20] [21] [22] [23] [24] [25] [26] [27]) (./sec_litsynth_mal.tex)
(./sec_fuhad.tex [28]) (./sec_fig_interp_disc_lim.tex
<../figures/malaria_training_curves.png, id=103, 433.62pt x 289.08pt>
File: ../figures/malaria_training_curves.png Graphic file (type png)
<use ../figures/malaria_training_curves.png>
Package pdftex.def Info: ../figures/malaria_training_curves.png  used on input 
line 4.
(pdftex.def)             Requested size: 338.22418pt x 225.49472pt.


LaTeX Warning: `h' float specifier changed to `ht'.

<../figures/malaria_confusion.png, id=105, 578.16pt x 260.172pt>
File: ../figures/malaria_confusion.png Graphic file (type png)
<use ../figures/malaria_confusion.png>
Package pdftex.def Info: ../figures/malaria_confusion.png  used on input line 1
0.
(pdftex.def)             Requested size: 281.85587pt x 126.83432pt.

LaTeX Warning: `h' float specifier changed to `ht'.

<../figures/malaria_confident_joint.png, id=106, 289.08pt x 260.172pt>
File: ../figures/malaria_confident_joint.png Graphic file (type png)
<use ../figures/malaria_confident_joint.png>
Package pdftex.def Info: ../figures/malaria_confident_joint.png  used on input 
line 14.
(pdftex.def)             Requested size: 291.2458pt x 262.13246pt.

LaTeX Warning: `h' float specifier changed to `ht'.

<../figures/malaria_oof_distributions.png, id=107, 469.755pt x 260.172pt>
File: ../figures/malaria_oof_distributions.png Graphic file (type png)
<use ../figures/malaria_oof_distributions.png>
Package pdftex.def Info: ../figures/malaria_oof_distributions.png  used on inpu
t line 21.
(pdftex.def)             Requested size: 291.2458pt x 161.30495pt.

LaTeX Warning: `h' float specifier changed to `ht'.

<../figures/malaria_saliency_ig.png, id=108, 505.89pt x 1214.136pt>
File: ../figures/malaria_saliency_ig.png Graphic file (type png)
<use ../figures/malaria_saliency_ig.png>
Package pdftex.def Info: ../figures/malaria_saliency_ig.png  used on input line
 27.
(pdftex.def)             Requested size: 403.9896pt x 969.58719pt.

LaTeX Warning: Float too large for page by 385.98993pt on input line 33.


LaTeX Warning: `h' float specifier changed to `ht'.

<../figures/malaria_cleaned_delta.png, id=109, 361.35pt x 260.172pt>
File: ../figures/malaria_cleaned_delta.png Graphic file (type png)
<use ../figures/malaria_cleaned_delta.png>
Package pdftex.def Info: ../figures/malaria_cleaned_delta.png  used on input li
ne 35.
(pdftex.def)             Requested size: 291.2458pt x 209.69803pt.

LaTeX Warning: `h' float specifier changed to `ht'.


Overfull \hbox (119.65674pt too wide) in paragraph at lines 50--56
\T1/ptm/m/n/10.95 rows (\T1/cmtt/m/n/10.95 results/flagged_property_rows.csv\T1
/ptm/m/n/10.95 ) and the in-ter-ac-tive ex-plorer (\T1/cmtt/m/n/10.95 figures/f
lagged_properties_interactive.html\T1/ptm/m/n/10.95 )
 []

[29] [30 <../figures/malaria_training_curves.png> <../figures/malaria_confusion
.png>] [31 <../figures/malaria_confident_joint.png>]
Overfull \hbox (76.91891pt too wide) in paragraph at lines 108--114
\T1/ptm/m/n/10.95 ca-tion con-sisted of the con-verged Chat-GPT judge loop (6 r
ounds, ver-ba-tim on record in \T1/cmtt/m/n/10.95 subitems_4_5/isef_judge/\T1/p
tm/m/n/10.95 ).
 []

) (./sec_rocfig.tex
<../figures/malaria_roc_curves.png, id=123, 375.804pt x 332.442pt>
File: ../figures/malaria_roc_curves.png Graphic file (type png)
<use ../figures/malaria_roc_curves.png>
Package pdftex.def Info: ../figures/malaria_roc_curves.png  used on input line 
2.
(pdftex.def)             Requested size: 291.2458pt x 257.65509pt.


LaTeX Warning: `h' float specifier changed to `ht'.

) (./sec_landscape.tex
Underfull \hbox (badness 10000) in paragraph at lines 8--8
[]|\T1/ptm/m/n/10 Rajaraman cus-tom CNN
 []


Overfull \hbox (56.60129pt too wide) in paragraph at lines 4--18
 [][] 
 []


LaTeX Warning: `h' float specifier changed to `ht'.

[32 <../figures/malaria_oof_distributions.png>]) (./sec_validity.tex [33])
(./sec_validation.tex [34] [35] [36]) (./sec_error_analysis.tex)
(./sec_forensics.tex
Underfull \hbox (badness 4913) in paragraph at lines 13--13
[]\T1/ptm/m/n/10.95 Table 8: Flagged vs con-trol im-age prop-er-ties (malaria; 
Mann--Whitney, pin-gouin). Data:
 []

) (../paper_shared/discussion_extra.tex [37]
Overfull \hbox (39.55336pt too wide) in paragraph at lines 32--46
\T1/ptm/m/n/10.95 Four in-de-pen-dent checks (\T1/cmtt/m/n/10.95 results/tool_b
attery_1.json\T1/ptm/m/n/10.95 ): (i) \T1/ptm/b/n/10.95 sympy\T1/ptm/m/n/10.95 
: the GCN nor-mal-i-sa-tion $\OML/ztmcm/m/it/10.95 D[]\OT1/ztmcm/m/n/10.95 (\OM
L/ztmcm/m/it/10.95 A[]I\OT1/ztmcm/m/n/10.95 )\OML/ztmcm/m/it/10.95 D[]$
 []

[38]) (./sec_tables.tex
Overfull \hbox (79.11906pt too wide) in paragraph at lines 15--18
\T1/ptm/m/n/10.95 Every head-line met-ric was re-com-puted with torch-metrics i
n-de-pen-dently of sklearn (\T1/cmtt/m/n/10.95 results/metrics_crossverify.json
\T1/ptm/m/n/10.95 );
 []


Overfull \hbox (3.68506pt too wide) in paragraph at lines 20--30
\T1/ptm/m/n/10.95 The from-scratch confident-learning es-ti-ma-tor flagged 249 
im-ages; the in-de-pen-dent \T1/cmtt/m/n/10.95 cleanlab \T1/ptm/m/n/10.95 li-br
ary flagged
 []

[39]) (./sec_dynamics.tex
Underfull \hbox (badness 10000) in paragraph at lines 46--1

 []


Overfull \hbox (54.21193pt too wide) in paragraph at lines 5--18
\T1/ptm/m/n/10.95 Per-epoch com-mit-ted his-tory (\T1/cmtt/m/n/10.95 results/ma
laria/baseline_results.json\T1/ptm/m/n/10.95 ): []
 []

) (./sec_repro_config.tex
Overfull \hbox (54.21193pt too wide) in paragraph at lines 21--1
\T1/ptm/m/n/10.95 Per-epoch com-mit-ted his-tory (\T1/cmtt/m/n/10.95 results/ma
laria/baseline_results.json\T1/ptm/m/n/10.95 ): []
 []


Overfull \hbox (25.19424pt too wide) in paragraph at lines 10--16
\T1/cmtt/m/n/10.95 src/run_malaria.py \T1/ptm/m/n/10.95 trains both heads (seed
s fixed) and writes \T1/cmtt/m/n/10.95 results/malaria/baseline_results.json\T1
/ptm/m/n/10.95 ;
 []

[40]) (./sec_batteries.tex [41]
Overfull \hbox (8.43207pt too wide) in paragraph at lines 28--39
\T1/ptm/m/n/10.95 NCBI E-utilities nov-elty probes (\T1/cmtt/m/n/10.95 tool_bat
tery_2.json\T1/ptm/m/n/10.95 ): the query \T1/cmtt/m/n/10.95 malaria_cell_image
s label noise
 []


Overfull \hbox (25.05162pt too wide) in paragraph at lines 55--58
\T1/ptm/m/n/10.95 Plotly pro-duced the in-ter-ac-tive property-scatter ex-plore
r (\T1/cmtt/m/n/10.95 figures/flagged_properties_interactive.html\T1/ptm/m/n/10
.95 )
 []


Overfull \hbox (48.12141pt too wide) in paragraph at lines 63--70
\T1/ptm/m/n/10.95 xmltodict re-parsed the Ra-jara-man JATS ta-bles in-de-pen-de
ntly of the pri-mary lxml ex-trac-tion (\T1/cmtt/m/n/10.95 tool_battery_4.json\
T1/ptm/m/n/10.95 ):
 []

[42]) (./sec_batteries_late.tex
Overfull \hbox (29.93008pt too wide) in paragraph at lines 13--17
\T1/ptm/m/n/10.95 ding di-men-sion (point-biserial $\OML/ztmcm/m/it/10.95 r \OT
1/ztmcm/m/n/10.95 = \OMS/ztmcm/m/n/10.95 ^^@\OT1/ztmcm/m/n/10.95 0\OML/ztmcm/m/
it/10.95 :\OT1/ztmcm/m/n/10.95 343$\T1/ptm/m/n/10.95 ); com-mit-ted co-or-di-na
tes in \T1/cmtt/m/n/10.95 results/malaria/umap_embedding.npy\T1/ptm/m/n/10.95 .
 
 []

) (./sec_eng_formulas.tex

LaTeX Warning: `h' float specifier changed to `ht'.

[43]
Overfull \hbox (23.4389pt too wide) in paragraph at lines 4--11
\T1/cmtt/m/n/10.95 dxtool \T1/ptm/m/n/10.95 is the shipped command-line tool: o
ne bi-nary en-try point with sub-com-mands for in-fer-ence (\T1/cmtt/m/n/10.95 
dx-predict\T1/ptm/m/n/10.95 ),
 []


Overfull \hbox (3.48567pt too wide) in paragraph at lines 41--45
\T1/cmtt/m/n/10.95 dx-audit \T1/ptm/m/n/10.95 re-com-putes ev-ery head-line num
-ber from the com-mit-ted prob-a-bil-ity dumps (\T1/cmtt/m/n/10.95 test_probs_*
.json\T1/ptm/m/n/10.95 )
 []

[44] [45]) (./sec_env_notation_theory.tex [46] [47]) (./sec_ledgers.tex
Underfull \hbox (badness 8189) in paragraph at lines 20--20
[]|\T1/ptm/m/n/10.95 Captum (In-te-grated Gra-di-
 []


Underfull \hbox (badness 2165) in paragraph at lines 26--27
[]|\T1/ptm/m/n/10.95 resize-backend ro-bust-ness au-dit (max prob-a-bil-ity
 []

[48] [49]
LaTeX Font Info:    Font shape `T1/cmtt/bx/n' in size <10.95> not available
(Font)              Font shape `T1/cmtt/m/n' tried instead on input line 59.

Overfull \hbox (66.82805pt too wide) in paragraph at lines 64--69
\T1/ptm/m/n/10.95 er-a-ture au-dit; per-record ev-i-dence (PMID, ti-tle, jour-n
al, year, rel-e-vance tier) in \T1/cmtt/m/n/10.95 results/lit_audit_malaria.jso
n
 []

) (./sec_flagged.tex
Overfull \hbox (15.04431pt too wide) in paragraph at lines 109--110
[]|\T1/cmtt/m/n/10.95 Parasitized/C39P4thinF_original_IMG_20150622_111942_cell_
10.png| 
 []


Overfull \hbox (9.38594pt too wide) in paragraph at lines 218--219
[]|\T1/cmtt/m/n/10.95 Uninfected/C38P3thinF_original_IMG_20150621_112116_cell_6
0.png| 
 []


Overfull \hbox (9.38594pt too wide) in paragraph at lines 219--220
[]|\T1/cmtt/m/n/10.95 Uninfected/C38P3thinF_original_IMG_20150621_112227_cell_1
1.png| 
 []


Overfull \hbox (9.38594pt too wide) in paragraph at lines 220--221
[]|\T1/cmtt/m/n/10.95 Uninfected/C39P4thinF_original_IMG_20150622_105102_cell_5
9.png| 
 []


Overfull \hbox (9.38594pt too wide) in paragraph at lines 221--222
[]|\T1/cmtt/m/n/10.95 Uninfected/C39P4thinF_original_IMG_20150622_111206_cell_2
2.png| 
 []

[50] [51] [52] [53] [54]) (./sec_refs.tex [55]) [56] [57 <../figures/malaria_sa
liency_ig.png>] [58 <../figures/malaria_cleaned_delta.png> <../figures/malaria_
roc_curves.png>] (./main.aux) ) 
Here is how much of TeX's memory you used:
 3678 strings out of 480247
 57185 string characters out of 5896151
 490676 words of memory out of 5000000
 21444 multiletter control sequences out of 15000+600000
 541615 words of font info for 149 fonts, out of 8000000 for 9000
 14 hyphenation exceptions out of 8191
 55i,11n,62p,1368b,251s stack positions out of 5000i,500n,10000p,200000b,80000s
{/usr/share/texlive/texmf-dist/fonts/enc/dvips/b
ase/8r.enc} </home/sandbox/.texlive2021/texmf-var/fonts/pk/ljfour/jknappen/ec/e
ctt1095.600pk></usr/share/texlive/texmf-dist/fonts/type1/public/amsfonts/cm/cme
x10.pfb></usr/share/texlive/texmf-dist/fonts/type1/public/amsfonts/cm/cmmi10.pf
b></usr/share/texlive/texmf-dist/fonts/type1/public/amsfonts/cm/cmr10.pfb></usr
/share/texlive/texmf-dist/fonts/type1/public/amsfonts/cm/cmsy10.pfb></usr/share
/texlive/texmf-dist/fonts/type1/public/amsfonts/symbols/msbm10.pfb></usr/share/
texlive/texmf-dist/fonts/type1/public/rsfs/rsfs10.pfb></usr/share/texlive/texmf
-dist/fonts/type1/urw/symbol/usyr.pfb></usr/share/texlive/texmf-dist/fonts/type
1/urw/symbol/usyr.pfb></usr/share/texlive/texmf-dist/fonts/type1/urw/times/utmb
8a.pfb></usr/share/texlive/texmf-dist/fonts/type1/urw/times/utmr8a.pfb></usr/sh
are/texlive/texmf-dist/fonts/type1/urw/times/utmri8a.pfb>
Output written on main.pdf (58 pages, 671546 bytes).
PDF statistics:
 326 PDF objects out of 1000 (max. 8388607)
 169 compressed objects within 2 object streams
 0 named destinations out of 1000 (max. 500000)
 36 words of extra memory for PDF output out of 10000 (max. 10000000)

