SKIP GSE8671 (labels: +0/-0)
FAIL GSE20916 ValueError: setting an array element with a sequence. The requested array has an inhomogeneo
FAIL GSE6919 HTTPError: HTTP Error 404: Not Found
SKIP GSE15471 (labels: +39/-0)
SKIP GSE16515 (labels: +36/-0)
SKIP GSE54002 (labels: +0/-0)
SKIP GSE5281 (labels: +87/-0)
SKIP GSE25724 (labels: +13/-0)
SKIP GSE38642 (labels: +0/-0)
SKIP GSE9476 (labels: +0/-9)
SKIP GSE4290 (labels: +127/-0)
FAIL GSE6344 HTTPError: HTTP Error 404: Not Found
SKIP GSE6004 (labels: +14/-4)
SKIP GSE33630 (labels: +60/-0)
SKIP GSE7307 (labels: +0/-0)
SKIP GSE57691 (labels: +58/-0)
SKIP GSE67980 (labels: +0/-3)
SKIP GSE30219 (labels: +293/-0)
DONE GSE31210 22s AUC 0.983 (+226/-20)
SKIP GSE50081 (labels: +181/-0)
SKIP GSE68465 (labels: +443/-0)
SKIP GSE40419 (labels: +0/-0)
SKIP GSE75037 (labels: +166/-0)
DONE GSE18842 8s AUC 0.987 (+46/-45)
SKIP GSE27262 (labels: +50/-0)
FAIL GSE33356 HTTPError: HTTP Error 404: Not Found
SKIP GSE39582 (labels: +566/-0)
SKIP GSE33113 (labels: +90/-0)
SKIP GSE17536 (labels: +177/-0)
SKIP GSE14333 (labels: +0/-0)
SKIP GSE37892 (labels: +130/-0)
SKIP GSE35896 (labels: +0/-0)
SKIP GSE23878 (labels: +0/-0)
SKIP GSE112506 (labels: +3/-0)
SKIP GSE84437 (labels: +483/-0)
SKIP GSE59246 (labels: +86/-3)
SKIP GSE36376 (labels: +240/-0)
FAIL GSE14520 HTTPError: HTTP Error 404: Not Found
SKIP GSE10143 (labels: +244/-0)
SKIP GSE62254 (labels: +300/-0)
SKIP GSE15459 (labels: +200/-0)
SKIP GSE26899 (labels: +96/-0)
DONE GSE29272 8s AUC 0.994 (+134/-134)
DONE GSE13911 5s AUC 0.987 (+38/-31)
SKIP GSE79973 (labels: +10/-0)
DONE GSE63089 4s AUC 0.998 (+45/-45)
DONE GSE44076 7s AUC 1.000 (+98/-50)
SKIP GSE46862 (labels: +69/-0)
SKIP GSE36668 (labels: +8/-4)
FAIL GSE29044 HTTPError: HTTP Error 404: Not Found
DONE GSE10780 8s AUC 0.976 (+42/-143)
DONE GSE32448 9s AUC 0.812 (+40/-40)
DONE GSE53757 6s AUC 0.969 (+72/-72)
SKIP GSE66271 (labels: +13/-0)
DONE GSE14905 8s AUC 0.988 (+61/-21)
GEO_DONE analyzed=25
